% meta
\documentclass[10pt]{extarticle}

% packages
\usepackage[utf8]{inputenc}
\usepackage[margin=1.6in]{geometry}
\usepackage{hyperref}
\usepackage{amsmath}
\usepackage{amssymb}

% preamble commands
\linespread{1.0}
\usepackage{graphicx}
\graphicspath{{tests/assets/test_components/}}

% document details
\date{}

% ------------------------------------------------------------------------------
\begin{document}
% ------------------------------------------------------------------------------

\begin{figure}[h!]
\centering
\includegraphics[width=\textwidth]{graphics/universe.jpg}
\caption{The Universe}\end{figure}

\begin{figure}[h!]
\centering
\includegraphics[width=\textwidth]{graphics/universe.jpg}
\end{figure}

\begin{figure}[h!]
\centering
\texttt{Image Not Found}
\caption{Not The Universe}\end{figure}

% ------------------------------------------------------------------------------
\end{document}
% ------------------------------------------------------------------------------

