% meta
\documentclass[10pt]{extarticle}

% packages
\usepackage[utf8]{inputenc}
\usepackage[margin=1.6in]{geometry}
\usepackage{hyperref}
\usepackage{amsmath}
\usepackage{amssymb}

% preamble commands
\linespread{1.0}
\usepackage{graphicx}
\graphicspath{{tests/assets/test_components/}}

% document details
\date{}

% ------------------------------------------------------------------------------
\begin{document}
% ------------------------------------------------------------------------------

Here is an unordered list:

\begin{itemize}
\item An item
\item Another item
\item A third item
\end{itemize}

This is an unordered list using different prefixes:

\begin{itemize}
\item An item
\item Another item
\item A third item
\end{itemize}

Here is an ordered list:

\begin{enumerate}
\item My first item
\item My second item
\item My third item
\item And one more, why not?
\end{enumerate}

% ------------------------------------------------------------------------------
\end{document}
% ------------------------------------------------------------------------------

