% meta
\documentclass[10pt]{extarticle}

% packages
\usepackage[utf8]{inputenc}
\usepackage[margin=1.6in]{geometry}
\usepackage{hyperref}
\usepackage{amsmath}
\usepackage{amssymb}

% preamble commands
\linespread{1.0}
\usepackage{graphicx}
\graphicspath{{tests/assets/test_components/}}

% document details
\date{}

% ------------------------------------------------------------------------------
\begin{document}
% ------------------------------------------------------------------------------

Here is some text. Nunc convallis auctor risus, vitae commodo dolor hendrerit nec. Suspendisse tempus pellentesque mattis. In erat velit, fringilla aliquet ullamcorper eget, elementum non dolor. Aliquam erat volutpat.

Maecenas eget pellentesque sem. Duis aliquet augue congue, cursus elit eu, sagittis lacus. 

Lorem ipsum dolor sit amet, consectetur adipiscing elit.

\medskip

Here is a symbol that needs to be converted to something safe: \&.

This is \textbf{bold}.

This is \textit{italics}.

This is \texttt{in-line code}.

This is \href{https://github.com}{link}.

Here is \textbf{bold text} and \textbf{here is some more}.

Here is \textit{italics text} and \textit{here is some more}.

Here is \texttt{in-line code} and \texttt{here is some more}.

Here is ``a quotation" and ``here is some more".

Here is \href{http://github.com}{a hyperlink} and \href{https://google.com}{here is another}.

This is **not bold text

This is **not bold text **

This is ** not bold text**

This is not bold text**

This is *not italics

This is *not italics *

This is * not italics*

This is not italics*

This is `not in-line code

This is not in-line code`

This is "not a quotation

This is not a quotation"

This is [not a link]

This is [not a link)

% ------------------------------------------------------------------------------
\end{document}
% ------------------------------------------------------------------------------

